// Jest Snapshot v1, https://goo.gl/fbAQLP

exports[`bookmarks empty state 1`] = `
<Provider
  store={
    Object {
      "clearActions": [Function],
      "dispatch": [Function],
      "getActions": [Function],
      "getState": [Function],
      "replaceReducer": [Function],
      "subscribe": [Function],
    }
  }
>
  <Connect(BookmarkContainer)
    data={
      Object {
        "canCreate": true,
        "controller": "hosts",
        "url": "/api/bookmarks",
      }
    }
  >
    <BookmarkContainer
      bookmarks={Array []}
      canCreate={true}
      controller="hosts"
      getBookmarks={[Function]}
      modalClosed={[Function]}
      modalOpened={[Function]}
      showModal={false}
      url="/api/bookmarks"
    >
      <Uncontrolled(Dropdown)
        id="hosts"
        pullRight={true}
      >
        <Dropdown
          bsClass="dropdown"
          componentClass={[Function]}
          id="hosts"
          onToggle={[Function]}
          pullRight={true}
        >
          <ButtonGroup
            block={false}
            bsClass="btn-group"
            className="dropdown"
            justified={false}
            vertical={false}
          >
            <div
              className="dropdown btn-group"
            >
              <DropdownToggle
                bsClass="dropdown-toggle"
                bsRole="toggle"
                id="hosts"
                key=".0"
                onClick={[Function]}
                onKeyDown={[Function]}
                open={false}
                useAnchor={false}
              >
                <Button
                  active={false}
                  aria-expanded={false}
                  aria-haspopup={true}
                  block={false}
                  bsClass="btn"
                  bsStyle="default"
                  className="dropdown-toggle"
                  disabled={false}
                  id="hosts"
                  onClick={[Function]}
                  onKeyDown={[Function]}
                  role="button"
                >
                  <button
                    aria-expanded={false}
                    aria-haspopup={true}
                    className="dropdown-toggle btn btn-default"
                    disabled={false}
                    id="hosts"
                    onClick={[Function]}
                    onKeyDown={[Function]}
                    role="button"
                    type="button"
                  >
                     
                    <span
                      className="caret"
                    />
                  </button>
                </Button>
              </DropdownToggle>
              <DropdownMenu
                bsClass="dropdown-menu"
                bsRole="menu"
                key=".1"
                labelledBy="hosts"
                onClose={[Function]}
                onSelect={[Function]}
                pullRight={true}
              >
                <RootCloseWrapper
                  disabled={true}
                  event="click"
                  onRootClose={[Function]}
                >
                  <ul
                    aria-labelledby="hosts"
                    className="dropdown-menu dropdown-menu-right"
                    role="menu"
                  >
                    <MenuItem
                      bsClass="dropdown"
                      disabled={false}
                      divider={false}
                      header={true}
                      key=".0"
                      onKeyDown={[Function]}
                      onSelect={[Function]}
                    >
                      <li
                        className="dropdown-header"
                        onKeyDown={[Function]}
                        role="heading"
                      >
                        Saved Bookmarks
                      </li>
                    </MenuItem>
                    <MenuItem
                      bsClass="dropdown"
                      disabled={false}
                      divider={true}
                      header={false}
                      key=".2"
                      onKeyDown={[Function]}
                      onSelect={[Function]}
                    >
                      <li
                        className="divider"
                        onKeyDown={[Function]}
                        role="separator"
                      />
                    </MenuItem>
                    <MenuItem
                      bsClass="dropdown"
                      disabled={false}
                      divider={false}
                      header={false}
                      id="newBookmark"
                      key=".$newBookmark"
                      onClick={[Function]}
                      onKeyDown={[Function]}
                      onSelect={[Function]}
                    >
                      <li
                        className=""
                        role="presentation"
                      >
                        <SafeAnchor
                          componentClass="a"
                          id="newBookmark"
                          onClick={[Function]}
                          onKeyDown={[Function]}
                          role="menuitem"
                          tabIndex="-1"
                        >
                          <a
                            href="#"
                            id="newBookmark"
                            onClick={[Function]}
                            onKeyDown={[Function]}
                            role="menuitem"
                            tabIndex="-1"
                          >
                            Bookmark this search
                          </a>
                        </SafeAnchor>
                      </li>
                    </MenuItem>
                    <Component
                      id="bookmarkDocumentation"
                      key=".4"
                      onKeyDown={[Function]}
                      onSelect={[Function]}
                    >
                      <MenuItem
                        bsClass="dropdown"
                        disabled={false}
                        divider={false}
                        header={false}
                        id="bookmarkDocumentation"
                        key="documentationUrl"
                        onClick={[Function]}
                      >
                        <li
                          className=""
                          role="presentation"
                        >
                          <SafeAnchor
                            componentClass="a"
                            id="bookmarkDocumentation"
                            onClick={[Function]}
                            role="menuitem"
                            tabIndex="-1"
                          >
                            <a
                              href="#"
                              id="bookmarkDocumentation"
                              onClick={[Function]}
                              onKeyDown={[Function]}
                              role="menuitem"
                              tabIndex="-1"
                            >
                              <Component
                                className="icon-black"
                                type="question-sign"
                              >
                                <span
                                  className="glyphicon glyphicon-question-sign icon-black"
                                />
                              </Component>
                               Documentation
                            </a>
                          </SafeAnchor>
                        </li>
                      </MenuItem>
                    </Component>
                  </ul>
                </RootCloseWrapper>
              </DropdownMenu>
            </div>
          </ButtonGroup>
        </Dropdown>
      </Uncontrolled(Dropdown)>
    </BookmarkContainer>
  </Connect(BookmarkContainer)>
</Provider>
`;

exports[`bookmarks should include existing bookmarks for the current controller 1`] = `
<Provider
  store={
    Object {
      "clearActions": [Function],
      "dispatch": [Function],
      "getActions": [Function],
      "getState": [Function],
      "replaceReducer": [Function],
      "subscribe": [Function],
    }
  }
>
  <Connect(BookmarkContainer)
    data={
      Object {
        "canCreate": true,
        "controller": "hosts",
        "url": "/api/bookmarks",
      }
    }
  >
    <BookmarkContainer
      bookmarks={
        Array [
          Object {
            "controller": "hosts",
            "id": 52,
            "name": "1111",
            "owner_id": 1,
            "owner_type": "User",
            "public": true,
            "query": "abc",
          },
          Object {
            "controller": "hosts",
            "id": 54,
            "name": "1122",
            "owner_id": 1,
            "owner_type": "User",
            "public": true,
            "query": "abc",
          },
        ]
      }
      canCreate={true}
      controller="hosts"
      getBookmarks={[Function]}
      modalClosed={[Function]}
      modalOpened={[Function]}
      url="/api/bookmarks"
    >
      <Uncontrolled(Dropdown)
        id="hosts"
        pullRight={true}
      >
        <Dropdown
          bsClass="dropdown"
          componentClass={[Function]}
          id="hosts"
          onToggle={[Function]}
          pullRight={true}
        >
          <ButtonGroup
            block={false}
            bsClass="btn-group"
            className="dropdown"
            justified={false}
            vertical={false}
          >
            <div
              className="dropdown btn-group"
            >
              <DropdownToggle
                bsClass="dropdown-toggle"
                bsRole="toggle"
                id="hosts"
                key=".0"
                onClick={[Function]}
                onKeyDown={[Function]}
                open={false}
                useAnchor={false}
              >
                <Button
                  active={false}
                  aria-expanded={false}
                  aria-haspopup={true}
                  block={false}
                  bsClass="btn"
                  bsStyle="default"
                  className="dropdown-toggle"
                  disabled={false}
                  id="hosts"
                  onClick={[Function]}
                  onKeyDown={[Function]}
                  role="button"
                >
                  <button
                    aria-expanded={false}
                    aria-haspopup={true}
                    className="dropdown-toggle btn btn-default"
                    disabled={false}
                    id="hosts"
                    onClick={[Function]}
                    onKeyDown={[Function]}
                    role="button"
                    type="button"
                  >
                     
                    <span
                      className="caret"
                    />
                  </button>
                </Button>
              </DropdownToggle>
              <DropdownMenu
                bsClass="dropdown-menu"
                bsRole="menu"
                key=".1"
                labelledBy="hosts"
                onClose={[Function]}
                onSelect={[Function]}
                pullRight={true}
              >
                <RootCloseWrapper
                  disabled={true}
                  event="click"
                  onRootClose={[Function]}
                >
                  <ul
                    aria-labelledby="hosts"
                    className="dropdown-menu dropdown-menu-right"
                    role="menu"
                  >
                    <MenuItem
                      bsClass="dropdown"
                      disabled={false}
                      divider={false}
                      header={true}
                      key=".0"
                      onKeyDown={[Function]}
                      onSelect={[Function]}
                    >
                      <li
                        className="dropdown-header"
                        onKeyDown={[Function]}
                        role="heading"
                      >
                        Saved Bookmarks
                      </li>
                    </MenuItem>
                    <Bookmark
                      key=".1:$1111"
                      onKeyDown={[Function]}
                      onSelect={[Function]}
                      query="abc"
                      text="1111"
                    >
                      <MenuItem
                        bsClass="dropdown"
                        disabled={false}
                        divider={false}
                        header={false}
                        onClick={[Function]}
                      >
                        <li
                          className=""
                          role="presentation"
                        >
                          <SafeAnchor
                            componentClass="a"
                            onClick={[Function]}
                            role="menuitem"
                            tabIndex="-1"
                          >
                            <a
                              href="#"
                              onClick={[Function]}
                              onKeyDown={[Function]}
                              role="menuitem"
                              tabIndex="-1"
                            >
                              1111
                            </a>
                          </SafeAnchor>
                        </li>
                      </MenuItem>
                    </Bookmark>
                    <Bookmark
                      key=".1:$1122"
                      onKeyDown={[Function]}
                      onSelect={[Function]}
                      query="abc"
                      text="1122"
                    >
                      <MenuItem
                        bsClass="dropdown"
                        disabled={false}
                        divider={false}
                        header={false}
                        onClick={[Function]}
                      >
                        <li
                          className=""
                          role="presentation"
                        >
                          <SafeAnchor
                            componentClass="a"
                            onClick={[Function]}
                            role="menuitem"
                            tabIndex="-1"
                          >
                            <a
                              href="#"
                              onClick={[Function]}
                              onKeyDown={[Function]}
                              role="menuitem"
                              tabIndex="-1"
                            >
                              1122
                            </a>
                          </SafeAnchor>
                        </li>
                      </MenuItem>
                    </Bookmark>
                    <MenuItem
                      bsClass="dropdown"
                      disabled={false}
                      divider={true}
                      header={false}
                      key=".2"
                      onKeyDown={[Function]}
                      onSelect={[Function]}
                    >
                      <li
                        className="divider"
                        onKeyDown={[Function]}
                        role="separator"
                      />
                    </MenuItem>
                    <MenuItem
                      bsClass="dropdown"
                      disabled={false}
                      divider={false}
                      header={false}
                      id="newBookmark"
                      key=".$newBookmark"
                      onClick={[Function]}
                      onKeyDown={[Function]}
                      onSelect={[Function]}
                    >
                      <li
                        className=""
                        role="presentation"
                      >
                        <SafeAnchor
                          componentClass="a"
                          id="newBookmark"
                          onClick={[Function]}
                          onKeyDown={[Function]}
                          role="menuitem"
                          tabIndex="-1"
                        >
                          <a
                            href="#"
                            id="newBookmark"
                            onClick={[Function]}
                            onKeyDown={[Function]}
                            role="menuitem"
                            tabIndex="-1"
                          >
                            Bookmark this search
                          </a>
                        </SafeAnchor>
                      </li>
                    </MenuItem>
                    <Component
                      id="bookmarkDocumentation"
                      key=".4"
                      onKeyDown={[Function]}
                      onSelect={[Function]}
                    >
                      <MenuItem
                        bsClass="dropdown"
                        disabled={false}
                        divider={false}
                        header={false}
                        id="bookmarkDocumentation"
                        key="documentationUrl"
                        onClick={[Function]}
                      >
                        <li
                          className=""
                          role="presentation"
                        >
                          <SafeAnchor
                            componentClass="a"
                            id="bookmarkDocumentation"
                            onClick={[Function]}
                            role="menuitem"
                            tabIndex="-1"
                          >
                            <a
                              href="#"
                              id="bookmarkDocumentation"
                              onClick={[Function]}
                              onKeyDown={[Function]}
                              role="menuitem"
                              tabIndex="-1"
                            >
                              <Component
                                className="icon-black"
                                type="question-sign"
                              >
                                <span
                                  className="glyphicon glyphicon-question-sign icon-black"
                                />
                              </Component>
                               Documentation
                            </a>
                          </SafeAnchor>
                        </li>
                      </MenuItem>
                    </Component>
                  </ul>
                </RootCloseWrapper>
              </DropdownMenu>
            </div>
          </ButtonGroup>
        </Dropdown>
      </Uncontrolled(Dropdown)>
    </BookmarkContainer>
  </Connect(BookmarkContainer)>
</Provider>
`;

exports[`bookmarks should not allow creating a new bookmark for users who dont have permission 1`] = `
<Provider
  store={
    Object {
      "clearActions": [Function],
      "dispatch": [Function],
      "getActions": [Function],
      "getState": [Function],
      "replaceReducer": [Function],
      "subscribe": [Function],
    }
  }
>
  <Connect(BookmarkContainer)
    canCreate={false}
    data={
      Object {
        "canCreate": true,
        "controller": "hosts",
        "url": "/api/bookmarks",
      }
    }
  >
    <BookmarkContainer
      bookmarks={
        Array [
          Object {
            "controller": "hosts",
            "id": 52,
            "name": "1111",
            "owner_id": 1,
            "owner_type": "User",
            "public": true,
            "query": "abc",
          },
          Object {
            "controller": "hosts",
            "id": 54,
            "name": "1122",
            "owner_id": 1,
            "owner_type": "User",
            "public": true,
            "query": "abc",
          },
        ]
      }
      canCreate={true}
      controller="hosts"
      getBookmarks={[Function]}
      modalClosed={[Function]}
      modalOpened={[Function]}
      url="/api/bookmarks"
    >
      <Uncontrolled(Dropdown)
        id="hosts"
        pullRight={true}
      >
        <Dropdown
          bsClass="dropdown"
          componentClass={[Function]}
          id="hosts"
          onToggle={[Function]}
          pullRight={true}
        >
          <ButtonGroup
            block={false}
            bsClass="btn-group"
            className="dropdown"
            justified={false}
            vertical={false}
          >
            <div
              className="dropdown btn-group"
            >
              <DropdownToggle
                bsClass="dropdown-toggle"
                bsRole="toggle"
                id="hosts"
                key=".0"
                onClick={[Function]}
                onKeyDown={[Function]}
                open={false}
                useAnchor={false}
              >
                <Button
                  active={false}
                  aria-expanded={false}
                  aria-haspopup={true}
                  block={false}
                  bsClass="btn"
                  bsStyle="default"
                  className="dropdown-toggle"
                  disabled={false}
                  id="hosts"
                  onClick={[Function]}
                  onKeyDown={[Function]}
                  role="button"
                >
                  <button
                    aria-expanded={false}
                    aria-haspopup={true}
                    className="dropdown-toggle btn btn-default"
                    disabled={false}
                    id="hosts"
                    onClick={[Function]}
                    onKeyDown={[Function]}
                    role="button"
                    type="button"
                  >
                     
                    <span
                      className="caret"
                    />
                  </button>
                </Button>
              </DropdownToggle>
              <DropdownMenu
                bsClass="dropdown-menu"
                bsRole="menu"
                key=".1"
                labelledBy="hosts"
                onClose={[Function]}
                onSelect={[Function]}
                pullRight={true}
              >
                <RootCloseWrapper
                  disabled={true}
                  event="click"
                  onRootClose={[Function]}
                >
                  <ul
                    aria-labelledby="hosts"
                    className="dropdown-menu dropdown-menu-right"
                    role="menu"
                  >
                    <MenuItem
                      bsClass="dropdown"
                      disabled={false}
                      divider={false}
                      header={true}
                      key=".0"
                      onKeyDown={[Function]}
                      onSelect={[Function]}
                    >
                      <li
                        className="dropdown-header"
                        onKeyDown={[Function]}
                        role="heading"
                      >
                        Saved Bookmarks
                      </li>
                    </MenuItem>
                    <Bookmark
                      key=".1:$1111"
                      onKeyDown={[Function]}
                      onSelect={[Function]}
                      query="abc"
                      text="1111"
                    >
                      <MenuItem
                        bsClass="dropdown"
                        disabled={false}
                        divider={false}
                        header={false}
                        onClick={[Function]}
                      >
                        <li
                          className=""
                          role="presentation"
                        >
                          <SafeAnchor
                            componentClass="a"
                            onClick={[Function]}
                            role="menuitem"
                            tabIndex="-1"
                          >
                            <a
                              href="#"
                              onClick={[Function]}
                              onKeyDown={[Function]}
                              role="menuitem"
                              tabIndex="-1"
                            >
                              1111
                            </a>
                          </SafeAnchor>
                        </li>
                      </MenuItem>
                    </Bookmark>
                    <Bookmark
                      key=".1:$1122"
                      onKeyDown={[Function]}
                      onSelect={[Function]}
                      query="abc"
                      text="1122"
                    >
                      <MenuItem
                        bsClass="dropdown"
                        disabled={false}
                        divider={false}
                        header={false}
                        onClick={[Function]}
                      >
                        <li
                          className=""
                          role="presentation"
                        >
                          <SafeAnchor
                            componentClass="a"
                            onClick={[Function]}
                            role="menuitem"
                            tabIndex="-1"
                          >
                            <a
                              href="#"
                              onClick={[Function]}
                              onKeyDown={[Function]}
                              role="menuitem"
                              tabIndex="-1"
                            >
                              1122
                            </a>
                          </SafeAnchor>
                        </li>
                      </MenuItem>
                    </Bookmark>
                    <MenuItem
                      bsClass="dropdown"
                      disabled={false}
                      divider={true}
                      header={false}
                      key=".2"
                      onKeyDown={[Function]}
                      onSelect={[Function]}
                    >
                      <li
                        className="divider"
                        onKeyDown={[Function]}
                        role="separator"
                      />
                    </MenuItem>
                    <MenuItem
                      bsClass="dropdown"
                      disabled={false}
                      divider={false}
                      header={false}
                      id="newBookmark"
                      key=".$newBookmark"
                      onClick={[Function]}
                      onKeyDown={[Function]}
                      onSelect={[Function]}
                    >
                      <li
                        className=""
                        role="presentation"
                      >
                        <SafeAnchor
                          componentClass="a"
                          id="newBookmark"
                          onClick={[Function]}
                          onKeyDown={[Function]}
                          role="menuitem"
                          tabIndex="-1"
                        >
                          <a
                            href="#"
                            id="newBookmark"
                            onClick={[Function]}
                            onKeyDown={[Function]}
                            role="menuitem"
                            tabIndex="-1"
                          >
                            Bookmark this search
                          </a>
                        </SafeAnchor>
                      </li>
                    </MenuItem>
                    <Component
                      id="bookmarkDocumentation"
                      key=".4"
                      onKeyDown={[Function]}
                      onSelect={[Function]}
                    >
                      <MenuItem
                        bsClass="dropdown"
                        disabled={false}
                        divider={false}
                        header={false}
                        id="bookmarkDocumentation"
                        key="documentationUrl"
                        onClick={[Function]}
                      >
                        <li
                          className=""
                          role="presentation"
                        >
                          <SafeAnchor
                            componentClass="a"
                            id="bookmarkDocumentation"
                            onClick={[Function]}
                            role="menuitem"
                            tabIndex="-1"
                          >
                            <a
                              href="#"
                              id="bookmarkDocumentation"
                              onClick={[Function]}
                              onKeyDown={[Function]}
                              role="menuitem"
                              tabIndex="-1"
                            >
                              <Component
                                className="icon-black"
                                type="question-sign"
                              >
                                <span
                                  className="glyphicon glyphicon-question-sign icon-black"
                                />
                              </Component>
                               Documentation
                            </a>
                          </SafeAnchor>
                        </li>
                      </MenuItem>
                    </Component>
                  </ul>
                </RootCloseWrapper>
              </DropdownMenu>
            </div>
          </ButtonGroup>
        </Dropdown>
      </Uncontrolled(Dropdown)>
    </BookmarkContainer>
  </Connect(BookmarkContainer)>
</Provider>
`;
